<?xml version="1.0" encoding="UTF-8"?>
<TestRun id="367e116b-9e26-4856-88fe-26b7388a46cf" name="lumiru@DARKLUM-WINXP 2016-06-16 16:04:17" runUser="DARKLUM-WINXP\lumiru" xmlns="http://microsoft.com/schemas/VisualStudio/TeamTest/2010">
  <TestSettings name="Local" id="b1c9dcbe-ca7c-4f12-a411-35e124fe68c4">
    <Description>Il s'agit des paramètres de test par défaut pour une série de tests locale.</Description>
    <Deployment enabled="false" runDeploymentRoot="lumiru_DARKLUM-WINXP 2016-06-16 16_04_17">
      <DeploymentItem filename="c:\documents and settings\lumiru\mes documents\visual studio 2010\Projects\StupidCalculatorLib\StupidCalculatorLib\bin\Debug\StupidCalculatorLib.dll" />
    </Deployment>
    <Execution>
      <TestTypeSpecific />
      <AgentRule name="Execution Agents">
      </AgentRule>
    </Execution>
  </TestSettings>
  <Times creation="2016-06-16T16:04:17.9963504+02:00" queuing="2016-06-16T16:04:18.0063648+02:00" start="2016-06-16T16:04:18.1766096+02:00" finish="2016-06-16T16:04:18.5671712+02:00" />
  <ResultSummary outcome="Failed">
    <Counters total="2" executed="2" passed="1" error="0" failed="1" timeout="0" aborted="0" inconclusive="0" passedButRunAborted="0" notRunnable="0" notExecuted="0" disconnected="0" warning="0" completed="0" inProgress="0" pending="0" />
  </ResultSummary>
  <TestDefinitions>
    <UnitTest name="TestMultiply" storage="c:\documents and settings\lumiru\mes documents\visual studio 2010\projects\stupidcalculatorlib\testlib\bin\debug\testlib.dll" id="b38e112f-b7fe-1ce4-f28e-125a257d6c4d">
      <Execution id="b80f2bad-e60b-4f07-8871-1b830cb89cbc" />
      <TestMethod codeBase="c:/documents and settings/lumiru/mes documents/visual studio 2010/Projects/StupidCalculatorLib/TestLib/bin/Debug/TestLib.DLL" adapterTypeName="Microsoft.VisualStudio.TestTools.TestTypes.Unit.UnitTestAdapter, Microsoft.VisualStudio.QualityTools.Tips.UnitTest.Adapter, Version=10.0.0.0, Culture=neutral, PublicKeyToken=b03f5f7f11d50a3a" className="TestLib.UnitTest1, TestLib, Version=1.0.0.0, Culture=neutral, PublicKeyToken=null" name="TestMultiply" />
    </UnitTest>
    <UnitTest name="TestAddition" storage="c:\documents and settings\lumiru\mes documents\visual studio 2010\projects\stupidcalculatorlib\testlib\bin\debug\testlib.dll" id="798ddc9d-ec2d-3e03-a88d-d848e762ad9c">
      <Execution id="64faf863-874c-4cbe-975a-8b67a3f88a7f" />
      <TestMethod codeBase="c:/documents and settings/lumiru/mes documents/visual studio 2010/Projects/StupidCalculatorLib/TestLib/bin/Debug/TestLib.DLL" adapterTypeName="Microsoft.VisualStudio.TestTools.TestTypes.Unit.UnitTestAdapter, Microsoft.VisualStudio.QualityTools.Tips.UnitTest.Adapter, Version=10.0.0.0, Culture=neutral, PublicKeyToken=b03f5f7f11d50a3a" className="TestLib.UnitTest1, TestLib, Version=1.0.0.0, Culture=neutral, PublicKeyToken=null" name="TestAddition" />
    </UnitTest>
  </TestDefinitions>
  <TestLists>
    <TestList name="Les résultats ne figurent pas dans une liste" id="8c84fa94-04c1-424b-9868-57a2d4851a1d" />
    <TestList name="Tous les résultats chargés" id="19431567-8539-422a-85d7-44ee4e166bda" />
  </TestLists>
  <TestEntries>
    <TestEntry testId="798ddc9d-ec2d-3e03-a88d-d848e762ad9c" executionId="64faf863-874c-4cbe-975a-8b67a3f88a7f" testListId="8c84fa94-04c1-424b-9868-57a2d4851a1d" />
    <TestEntry testId="b38e112f-b7fe-1ce4-f28e-125a257d6c4d" executionId="b80f2bad-e60b-4f07-8871-1b830cb89cbc" testListId="8c84fa94-04c1-424b-9868-57a2d4851a1d" />
  </TestEntries>
  <Results>
    <UnitTestResult executionId="64faf863-874c-4cbe-975a-8b67a3f88a7f" testId="798ddc9d-ec2d-3e03-a88d-d848e762ad9c" testName="TestAddition" computerName="DARKLUM-WINXP" duration="00:00:00.0124554" startTime="2016-06-16T16:04:18.1866240+02:00" endTime="2016-06-16T16:04:18.4670272+02:00" testType="13cdc9d9-ddb5-4fa4-a97d-d965ccfc6d4b" outcome="Passed" testListId="8c84fa94-04c1-424b-9868-57a2d4851a1d" relativeResultsDirectory="64faf863-874c-4cbe-975a-8b67a3f88a7f">
    </UnitTestResult>
    <UnitTestResult executionId="b80f2bad-e60b-4f07-8871-1b830cb89cbc" testId="b38e112f-b7fe-1ce4-f28e-125a257d6c4d" testName="TestMultiply" computerName="DARKLUM-WINXP" duration="00:00:00.0147323" startTime="2016-06-16T16:04:18.4670272+02:00" endTime="2016-06-16T16:04:18.4870560+02:00" testType="13cdc9d9-ddb5-4fa4-a97d-d965ccfc6d4b" outcome="Failed" testListId="8c84fa94-04c1-424b-9868-57a2d4851a1d" relativeResultsDirectory="b80f2bad-e60b-4f07-8871-1b830cb89cbc">
      <Output>
        <ErrorInfo>
          <Message>Échec de Assert.AreEqual. Attendu : &lt;2020&gt;, Réel : &lt;8080&gt;. </Message>
          <StackTrace>   à TestLib.UnitTest1.TestMultiply() dans c:\documents and settings\lumiru\mes documents\visual studio 2010\Projects\StupidCalculatorLib\TestLib\UnitTest1.cs:ligne 86
</StackTrace>
        </ErrorInfo>
      </Output>
    </UnitTestResult>
  </Results>
</TestRun>