<?xml version="1.0" encoding="UTF-8"?>
<TestRun id="58a0a4fd-244b-40e6-90ae-346d1735c12d" name="lumiru@DARKLUM-WINXP 2016-06-16 16:07:22" runUser="DARKLUM-WINXP\lumiru" xmlns="http://microsoft.com/schemas/VisualStudio/TeamTest/2010">
  <TestSettings name="Local" id="b1c9dcbe-ca7c-4f12-a411-35e124fe68c4">
    <Description>Il s'agit des paramètres de test par défaut pour une série de tests locale.</Description>
    <Deployment enabled="false" runDeploymentRoot="lumiru_DARKLUM-WINXP 2016-06-16 16_07_22">
      <DeploymentItem filename="c:\documents and settings\lumiru\mes documents\visual studio 2010\Projects\StupidCalculatorLib\StupidCalculatorLib\bin\Debug\StupidCalculatorLib.dll" />
    </Deployment>
    <Execution>
      <TestTypeSpecific />
      <AgentRule name="Execution Agents">
      </AgentRule>
    </Execution>
  </TestSettings>
  <Times creation="2016-06-16T16:07:22.3178464+02:00" queuing="2016-06-16T16:07:22.3478896+02:00" start="2016-06-16T16:07:22.4680624+02:00" finish="2016-06-16T16:07:22.9086960+02:00" />
  <ResultSummary outcome="Completed">
    <Counters total="4" executed="4" passed="4" error="0" failed="0" timeout="0" aborted="0" inconclusive="0" passedButRunAborted="0" notRunnable="0" notExecuted="0" disconnected="0" warning="0" completed="0" inProgress="0" pending="0" />
  </ResultSummary>
  <TestDefinitions>
    <UnitTest name="TestDivide" storage="c:\documents and settings\lumiru\mes documents\visual studio 2010\projects\stupidcalculatorlib\testlib\bin\debug\testlib.dll" id="42650916-4013-48ed-76e4-db6f4ffc7075">
      <Execution id="4a45a6ad-65b6-4247-b250-67cc8422ab7a" />
      <TestMethod codeBase="c:/documents and settings/lumiru/mes documents/visual studio 2010/Projects/StupidCalculatorLib/TestLib/bin/Debug/TestLib.DLL" adapterTypeName="Microsoft.VisualStudio.TestTools.TestTypes.Unit.UnitTestAdapter, Microsoft.VisualStudio.QualityTools.Tips.UnitTest.Adapter, Version=10.0.0.0, Culture=neutral, PublicKeyToken=b03f5f7f11d50a3a" className="TestLib.UnitTest1, TestLib, Version=1.0.0.0, Culture=neutral, PublicKeyToken=null" name="TestDivide" />
    </UnitTest>
    <UnitTest name="TestMultiply" storage="c:\documents and settings\lumiru\mes documents\visual studio 2010\projects\stupidcalculatorlib\testlib\bin\debug\testlib.dll" id="b38e112f-b7fe-1ce4-f28e-125a257d6c4d">
      <Execution id="4ea2d80a-837c-4875-aa66-6f8e1d5a705b" />
      <TestMethod codeBase="c:/documents and settings/lumiru/mes documents/visual studio 2010/Projects/StupidCalculatorLib/TestLib/bin/Debug/TestLib.DLL" adapterTypeName="Microsoft.VisualStudio.TestTools.TestTypes.Unit.UnitTestAdapter, Microsoft.VisualStudio.QualityTools.Tips.UnitTest.Adapter, Version=10.0.0.0, Culture=neutral, PublicKeyToken=b03f5f7f11d50a3a" className="TestLib.UnitTest1, TestLib, Version=1.0.0.0, Culture=neutral, PublicKeyToken=null" name="TestMultiply" />
    </UnitTest>
    <UnitTest name="TestSubstract" storage="c:\documents and settings\lumiru\mes documents\visual studio 2010\projects\stupidcalculatorlib\testlib\bin\debug\testlib.dll" id="29fee32a-f5ba-7858-8166-be3361884e08">
      <Execution id="7cda076e-9d34-4ee7-9934-35b4f913a4e7" />
      <TestMethod codeBase="c:/documents and settings/lumiru/mes documents/visual studio 2010/Projects/StupidCalculatorLib/TestLib/bin/Debug/TestLib.DLL" adapterTypeName="Microsoft.VisualStudio.TestTools.TestTypes.Unit.UnitTestAdapter, Microsoft.VisualStudio.QualityTools.Tips.UnitTest.Adapter, Version=10.0.0.0, Culture=neutral, PublicKeyToken=b03f5f7f11d50a3a" className="TestLib.UnitTest1, TestLib, Version=1.0.0.0, Culture=neutral, PublicKeyToken=null" name="TestSubstract" />
    </UnitTest>
    <UnitTest name="TestAddition" storage="c:\documents and settings\lumiru\mes documents\visual studio 2010\projects\stupidcalculatorlib\testlib\bin\debug\testlib.dll" id="798ddc9d-ec2d-3e03-a88d-d848e762ad9c">
      <Execution id="6fd43b4a-02bf-4bc9-b761-ba34ef5ec577" />
      <TestMethod codeBase="c:/documents and settings/lumiru/mes documents/visual studio 2010/Projects/StupidCalculatorLib/TestLib/bin/Debug/TestLib.DLL" adapterTypeName="Microsoft.VisualStudio.TestTools.TestTypes.Unit.UnitTestAdapter, Microsoft.VisualStudio.QualityTools.Tips.UnitTest.Adapter, Version=10.0.0.0, Culture=neutral, PublicKeyToken=b03f5f7f11d50a3a" className="TestLib.UnitTest1, TestLib, Version=1.0.0.0, Culture=neutral, PublicKeyToken=null" name="TestAddition" />
    </UnitTest>
  </TestDefinitions>
  <TestLists>
    <TestList name="Les résultats ne figurent pas dans une liste" id="8c84fa94-04c1-424b-9868-57a2d4851a1d" />
    <TestList name="Tous les résultats chargés" id="19431567-8539-422a-85d7-44ee4e166bda" />
  </TestLists>
  <TestEntries>
    <TestEntry testId="29fee32a-f5ba-7858-8166-be3361884e08" executionId="7cda076e-9d34-4ee7-9934-35b4f913a4e7" testListId="8c84fa94-04c1-424b-9868-57a2d4851a1d" />
    <TestEntry testId="42650916-4013-48ed-76e4-db6f4ffc7075" executionId="4a45a6ad-65b6-4247-b250-67cc8422ab7a" testListId="8c84fa94-04c1-424b-9868-57a2d4851a1d" />
    <TestEntry testId="798ddc9d-ec2d-3e03-a88d-d848e762ad9c" executionId="6fd43b4a-02bf-4bc9-b761-ba34ef5ec577" testListId="8c84fa94-04c1-424b-9868-57a2d4851a1d" />
    <TestEntry testId="b38e112f-b7fe-1ce4-f28e-125a257d6c4d" executionId="4ea2d80a-837c-4875-aa66-6f8e1d5a705b" testListId="8c84fa94-04c1-424b-9868-57a2d4851a1d" />
  </TestEntries>
  <Results>
    <UnitTestResult executionId="7cda076e-9d34-4ee7-9934-35b4f913a4e7" testId="29fee32a-f5ba-7858-8166-be3361884e08" testName="TestSubstract" computerName="DARKLUM-WINXP" duration="00:00:00.0126105" startTime="2016-06-16T16:07:22.5882352+02:00" endTime="2016-06-16T16:07:22.8085520+02:00" testType="13cdc9d9-ddb5-4fa4-a97d-d965ccfc6d4b" outcome="Passed" testListId="8c84fa94-04c1-424b-9868-57a2d4851a1d" relativeResultsDirectory="7cda076e-9d34-4ee7-9934-35b4f913a4e7">
    </UnitTestResult>
    <UnitTestResult executionId="4a45a6ad-65b6-4247-b250-67cc8422ab7a" testId="42650916-4013-48ed-76e4-db6f4ffc7075" testName="TestDivide" computerName="DARKLUM-WINXP" duration="00:00:00.0003676" startTime="2016-06-16T16:07:22.8085520+02:00" endTime="2016-06-16T16:07:22.8185664+02:00" testType="13cdc9d9-ddb5-4fa4-a97d-d965ccfc6d4b" outcome="Passed" testListId="8c84fa94-04c1-424b-9868-57a2d4851a1d" relativeResultsDirectory="4a45a6ad-65b6-4247-b250-67cc8422ab7a">
    </UnitTestResult>
    <UnitTestResult executionId="6fd43b4a-02bf-4bc9-b761-ba34ef5ec577" testId="798ddc9d-ec2d-3e03-a88d-d848e762ad9c" testName="TestAddition" computerName="DARKLUM-WINXP" duration="00:00:00.0003408" startTime="2016-06-16T16:07:22.8185664+02:00" endTime="2016-06-16T16:07:22.8285808+02:00" testType="13cdc9d9-ddb5-4fa4-a97d-d965ccfc6d4b" outcome="Passed" testListId="8c84fa94-04c1-424b-9868-57a2d4851a1d" relativeResultsDirectory="6fd43b4a-02bf-4bc9-b761-ba34ef5ec577">
    </UnitTestResult>
    <UnitTestResult executionId="4ea2d80a-837c-4875-aa66-6f8e1d5a705b" testId="b38e112f-b7fe-1ce4-f28e-125a257d6c4d" testName="TestMultiply" computerName="DARKLUM-WINXP" duration="00:00:00.0014376" startTime="2016-06-16T16:07:22.8285808+02:00" endTime="2016-06-16T16:07:22.8285808+02:00" testType="13cdc9d9-ddb5-4fa4-a97d-d965ccfc6d4b" outcome="Passed" testListId="8c84fa94-04c1-424b-9868-57a2d4851a1d" relativeResultsDirectory="4ea2d80a-837c-4875-aa66-6f8e1d5a705b">
    </UnitTestResult>
  </Results>
</TestRun>